23:44:35 **** Incremental Build of configuration Debug for project hello ****
make -j20 all 
arm-none-eabi-gcc "../Core/Src/main.c" -mcpu=cortex-m3 -std=gnu11 -g3 -DDEBUG -DUSE_HAL_DRIVER -DSTM32F103x6 -c -I../Core/Inc -I../Drivers/STM32F1xx_HAL_Driver/Inc/Legacy -I../Drivers/STM32F1xx_HAL_Driver/Inc -I../Drivers/CMSIS/Device/ST/STM32F1xx/Include -I../Drivers/CMSIS/Include -I../Middlewares/Third_Party/FreeRTOS/Source/include -I../Middlewares/Third_Party/FreeRTOS/Source/CMSIS_RTOS_V2 -I../Middlewares/Third_Party/FreeRTOS/Source/portable/GCC/ARM_CM3 -O0 -ffunction-sections -fdata-sections -Wall -fstack-usage -MMD -MP -MF"Core/Src/main.d" -MT"Core/Src/main.o" --specs=nano.specs -mfloat-abi=soft -mthumb -o "Core/Src/main.o"
arm-none-eabi-g++ -o "hello.elf" @"objects.list"   -mcpu=cortex-m3 -T"D:\Viettel\FreeRTOS\STM32CubeIDE\Workspaces\hello\STM32F103C6TX_FLASH.ld" --specs=nosys.specs -Wl,-Map="hello.map" -Wl,--gc-sections -static --specs=nano.specs -mfloat-abi=soft -mthumb -Wl,--start-group -lc -lm -lstdc++ -lsupc++ -Wl,--end-group
Finished building target: hello.elf
 
arm-none-eabi-size   hello.elf 
arm-none-eabi-objdump -h -S  hello.elf  > "hello.list"
   text	   data	    bss	    dec	    hex	filename
  16768	     24	   8120	  24912	   6150	hello.elf
Finished building: default.size.stdout
 
Finished building: hello.list
 
23:44:38 **** Incremental Build of configuration Debug for project hello ****
make -j20 all 
arm-none-eabi-size   hello.elf 
   text	   data	    bss	    dec	    hex	filename
  16768	     24	   8120	  24912	   6150	hello.elf
Finished building: default.size.stdout
 
